// Jest Snapshot v1, https://goo.gl/fbAQLP

exports[`Render Documents snapshot 1`] = `
<body>
  <div>
    <div
      class="sm:p-5 p-10"
    >
      <div
        class="card shadow-sm "
      >
        <label
          class="mt-5 ml-4 text-16 text-left  text-primarymeta dark:text-bajio20"
        >
          IDENTIFICACIÓN
        </label>
        <p
          class="text-bajio ml-4 sm:text-16 text-16 sm:mr-4 sm:text-left"
        >
          Puedes agregar un prospecto con su INE/IFE o manualmente. 
          <b
            class="text-actionmeta cursor-pointer font-bold"
          >
            Ver recomendaciones
          </b>
           .
        </p>
        
        <div
          class="sm:hidden md:grid xl:grid xl2:grid xl3:grid grid-cols-2 gap-2 mt-6 mb-10"
        >
          <div>
            <div
              class="block w-52 h-28 border-dashed border-4 border-light-blue-500  rounded-boxer m-auto bg-bajio20p"
            >
              <img
                alt="Agregar"
                class="block m-auto mt-7"
                src="btnBloss.svg"
              />
              
              <div
                class="sm:relative md:hidden xl:hidden xl2:hidden xl3:hidden -mt-24 opacity-0 sm:-mb-2 mb-4"
              >
                <button
                  class="btn bg-queretaro block w-36 h-36"
                >
                  Click
                </button>
              </div>
              <div
                class="sm:hidden md:relative xl:relative xl2:relative xl3:relative -mt-24"
              >
                <div
                  class="dzu-dropzone"
                  style="min-height: 120px; max-height: 120px; z-index: 99; opacity: 0;"
                >
                  <label
                    class="dzu-inputLabel"
                  >
                    Tomar o seleccionar fotografía
                    <input
                      accept="image/*"
                      class="dzu-input"
                      type="file"
                    />
                  </label>
                </div>
              </div>
              <label
                class="text-14 text-bajio60 text-left mb-4"
              >
                <label>
                  <div
                    class="inline-flex space-x-4 mt-5"
                  >
                    <div
                      class=""
                    >
                      Frente INE
                    </div>
                    <div
                      class="-mt-1 z-30"
                    />
                  </div>
                </label>
              </label>
            </div>
          </div>
          <div>
            <div
              class="block w-52 h-28 border-dashed border-4 border-light-blue-500 rounded-boxer m-auto bg-bajio20p"
            >
              <img
                alt="Agregar"
                class="block m-auto mt-7"
                src="btnBloss.svg"
              />
              
              <div
                class="sm:relative md:hidden xl:hidden xl2:hidden xl3:hidden -mt-24 opacity-0 sm:-mb-2 mb-4"
              >
                <button
                  class="btn bg-queretaro block w-36 h-36"
                >
                  Click
                </button>
              </div>
              <div
                class="sm:hidden md:relative xl:relative xl2:relative xl3:relative -mt-24"
              >
                <div
                  class="dzu-dropzone"
                  style="min-height: 120px; max-height: 120px; z-index: 99; opacity: 0;"
                >
                  <label
                    class="dzu-inputLabel"
                  >
                    Tomar o seleccionar fotografía
                    <input
                      accept="image/*"
                      class="dzu-input"
                      type="file"
                    />
                  </label>
                </div>
              </div>
              <label
                class="text-14 text-bajio60 text-left mb-4"
              >
                <label>
                  <div
                    class="inline-flex space-x-4 mt-5"
                  >
                    <div
                      class=""
                    >
                      Reverso INE
                    </div>
                    <div
                      class="-mt-1 z-30"
                    />
                  </div>
                </label>
              </label>
            </div>
          </div>
        </div>
        <div
          class="md:hidden xl:hidden xl2:hidden xl3:hidden sm:grid grid-cols-1 gap-1 mt-6 mb-10"
        >
          <div>
            <div
              class="block w-52 h-28 border-dashed border-4 border-light-blue-500  rounded-boxer m-auto bg-bajio20p"
            >
              <img
                alt="Agregar"
                class="block m-auto mt-7"
                src="btnBloss.svg"
              />
              
              <div
                class="sm:relative md:hidden xl:hidden xl2:hidden xl3:hidden -mt-24 opacity-0 sm:-mb-2 mb-4"
              >
                <button
                  class="btn bg-queretaro block w-36 h-36"
                >
                  Click
                </button>
              </div>
              <div
                class="sm:hidden md:relative xl:relative xl2:relative xl3:relative  -mt-14"
              >
                <div
                  class="dzu-dropzone"
                  style="min-height: 120px; max-height: 120px; z-index: 99; opacity: 0;"
                >
                  <label
                    class="dzu-inputLabel"
                  >
                    Tomar o seleccionar fotografía
                    <input
                      accept="image/*"
                      class="dzu-input"
                      type="file"
                    />
                  </label>
                </div>
              </div>
              <label
                class="text-14 text-bajio60 text-left mb-4"
              >
                <label>
                  <div
                    class="inline-flex space-x-4"
                  >
                    <div
                      class=""
                    >
                      Frente INE
                    </div>
                    <div
                      class="-mt-1"
                    />
                  </div>
                </label>
              </label>
            </div>
          </div>
        </div>
        <div
          class="md:hidden xl:hidden xl2:hidden xl3:hidden sm:grid grid-cols-1 gap-1 mt-6 mb-10"
        >
          <div>
            <div
              class="block w-52 h-28 border-dashed border-4 border-light-blue-500 rounded-boxer m-auto bg-bajio20p"
            >
              <img
                alt="Agregar"
                class="block m-auto mt-7"
                src="btnBloss.svg"
              />
              
              <div
                class="sm:relative md:hidden xl:hidden xl2:hidden xl3:hidden -mt-24 opacity-0 sm:-mb-2 mb-4"
              >
                <button
                  class="btn bg-queretaro block w-36 h-36"
                >
                  Click
                </button>
              </div>
              <div
                class="sm:hidden md:relative xl:relative xl2:relative xl3:relative  -mt-14"
              >
                <div
                  class="dzu-dropzone"
                  style="min-height: 120px; max-height: 120px; z-index: 99; opacity: 0;"
                >
                  <label
                    class="dzu-inputLabel"
                  >
                    Tomar o seleccionar fotografía
                    <input
                      accept="image/*"
                      class="dzu-input"
                      type="file"
                    />
                  </label>
                </div>
              </div>
              <label
                class="text-14 text-bajio60 text-left mb-4"
              >
                <label>
                  <div
                    class="inline-flex space-x-4"
                  >
                    <div
                      class=""
                    >
                      Reverso INE
                    </div>
                    <div
                      class="-mt-1"
                    />
                  </div>
                </label>
              </label>
            </div>
          </div>
        </div>
        
        <div
          class="hidden"
        >
          <label
            class="text-16 text-bajio"
          >
            ¿La INE no cuenta con CURP?
          </label>
          <p
            class="text-16 font-semibold text-queretaro cursor-pointer cursor-pointer"
          >
            REGISTRAR CURP
          </p>
        </div>
        
        
        <div />
        <div
          class="flex flex-row-reverse sm:mt-5"
        >
          <div>
            <div
              class="relative h-20 w-32"
            >
              <div
                class="absolute bottom-0 right-0 h-16 w-28"
              >
                <button
                  class=" btn button-styles mb-12 mr-3 text-blanco bg-bajio20 rounded-rbutton text-16 dark:bg-aguascalientes dark:text-negro"
                >
                  Guardar
                </button>
              </div>
            </div>
          </div>
        </div>
      </div>
    </div>
  </div>
</body>
`;
