// Jest Snapshot v1, https://goo.gl/fbAQLP

exports[`Render Domicilio snapshot 1`] = `
<body>
  <div>
    <div
      class="sm:p-5 p-10 "
    >
      <div
        class="card shadow-sm m-auto m-auto sm:w-auto md:w-96 xl:w-96 xl2:w-96 xl3:w-96"
      >
        <div
          class="inline-flex ml-3 mr-2 sm:space-x-0 md:space-x-4 xl:space-x-4 xl2:space-x-4 xl3:space-x-4"
        >
          <div
            class="w-28 text-12 text-bajio80 mt-3 ml-2"
          >
             Paso 4 de 5
          </div>
          <div
            class="w-72"
          >
            <div
              class="progress h-2 mt-4 mr-3"
            >
              <div
                aria-valuemax="100"
                aria-valuemin="0"
                aria-valuenow="25"
                class="progress-bar"
                role="progressbar"
                style="width: 80%;"
              />
            </div>
          </div>
        </div>
        <label
          class="mt-5 ml-4 text-16 text-left  text-primarymeta dark:text-bajio20"
        >
          Ingresa la dirección
        </label>
        <div
          class="flex flex-col p-4"
        >
          <div
            class="mt-7"
          >
            <div
              class="MuiFormControl-root MuiTextField-root MuiFormControl-fullWidth"
            >
              <label
                class="MuiFormLabel-root MuiInputLabel-root MuiInputLabel-formControl MuiInputLabel-animated MuiInputLabel-shrink MuiInputLabel-outlined MuiFormLabel-filled"
                data-shrink="true"
                for="outlined-basic"
                id="outlined-basic-label"
              >
                Dirección
              </label>
              <div
                class="MuiInputBase-root MuiOutlinedInput-root MuiInputBase-fullWidth MuiInputBase-formControl"
                style="font-size: 14px;"
              >
                <input
                  aria-describedby="outlined-basic-helper-text"
                  aria-invalid="false"
                  class="MuiInputBase-input MuiOutlinedInput-input"
                  id="outlined-basic"
                  name="adress"
                  type="text"
                  value="-"
                />
                <fieldset
                  aria-hidden="true"
                  class="PrivateNotchedOutline-root-1 MuiOutlinedInput-notchedOutline"
                >
                  <legend
                    class="PrivateNotchedOutline-legendLabelled-3 PrivateNotchedOutline-legendNotched-4"
                  >
                    <span>
                      Dirección
                    </span>
                  </legend>
                </fieldset>
              </div>
              <p
                class="MuiFormHelperText-root MuiFormHelperText-contained MuiFormHelperText-filled"
                id="outlined-basic-helper-text"
              >
                Búsca aquí tu dirección
              </p>
            </div>
          </div>
          <div
            class="mt-7"
          >
            <div
              class="MuiFormControl-root MuiTextField-root MuiFormControl-fullWidth"
            >
              <label
                class="MuiFormLabel-root MuiInputLabel-root MuiInputLabel-formControl MuiInputLabel-animated MuiInputLabel-shrink MuiInputLabel-outlined MuiFormLabel-filled"
                data-shrink="true"
                for="outlined-basic"
                id="outlined-basic-label"
              >
                Calle
              </label>
              <div
                class="MuiInputBase-root MuiOutlinedInput-root MuiInputBase-fullWidth MuiInputBase-formControl"
                style="font-size: 14px;"
              >
                <input
                  aria-invalid="false"
                  class="MuiInputBase-input MuiOutlinedInput-input"
                  id="outlined-basic"
                  name="street"
                  type="text"
                  value="-"
                />
                <fieldset
                  aria-hidden="true"
                  class="PrivateNotchedOutline-root-1 MuiOutlinedInput-notchedOutline"
                >
                  <legend
                    class="PrivateNotchedOutline-legendLabelled-3 PrivateNotchedOutline-legendNotched-4"
                  >
                    <span>
                      Calle
                    </span>
                  </legend>
                </fieldset>
              </div>
              
            </div>
          </div>
          <div
            class="mt-7"
          >
            <div
              class="inline-flex"
            >
              <div>
                <div
                  class="MuiFormControl-root MuiTextField-root MuiFormControl-fullWidth"
                >
                  <label
                    class="MuiFormLabel-root MuiInputLabel-root MuiInputLabel-formControl MuiInputLabel-animated MuiInputLabel-shrink MuiInputLabel-outlined MuiFormLabel-filled"
                    data-shrink="true"
                    for="outlined-basic"
                    id="outlined-basic-label"
                  >
                    Exterior
                  </label>
                  <div
                    class="MuiInputBase-root MuiOutlinedInput-root MuiInputBase-fullWidth MuiInputBase-formControl"
                    style="font-size: 14px;"
                  >
                    <input
                      aria-invalid="false"
                      class="MuiInputBase-input MuiOutlinedInput-input"
                      id="outlined-basic"
                      name="exterior"
                      type="text"
                      value="-"
                    />
                    <fieldset
                      aria-hidden="true"
                      class="PrivateNotchedOutline-root-1 MuiOutlinedInput-notchedOutline"
                    >
                      <legend
                        class="PrivateNotchedOutline-legendLabelled-3 PrivateNotchedOutline-legendNotched-4"
                      >
                        <span>
                          Exterior
                        </span>
                      </legend>
                    </fieldset>
                  </div>
                  
                </div>
              </div>
              <div
                class="ml-2"
              >
                <div
                  class="MuiFormControl-root MuiTextField-root MuiFormControl-fullWidth"
                >
                  <label
                    class="MuiFormLabel-root MuiInputLabel-root MuiInputLabel-formControl MuiInputLabel-animated MuiInputLabel-shrink MuiInputLabel-outlined MuiFormLabel-filled"
                    data-shrink="true"
                    for="outlined-basic"
                    id="outlined-basic-label"
                  >
                    Interior
                  </label>
                  <div
                    class="MuiInputBase-root MuiOutlinedInput-root MuiInputBase-fullWidth MuiInputBase-formControl"
                    style="font-size: 14px;"
                  >
                    <input
                      aria-invalid="false"
                      class="MuiInputBase-input MuiOutlinedInput-input"
                      id="outlined-basic"
                      name="interior"
                      type="text"
                      value="-"
                    />
                    <fieldset
                      aria-hidden="true"
                      class="PrivateNotchedOutline-root-1 MuiOutlinedInput-notchedOutline"
                    >
                      <legend
                        class="PrivateNotchedOutline-legendLabelled-3 PrivateNotchedOutline-legendNotched-4"
                      >
                        <span>
                          Interior
                        </span>
                      </legend>
                    </fieldset>
                  </div>
                  
                </div>
              </div>
            </div>
          </div>
          <div
            class="mt-7"
          >
            <div
              class="MuiFormControl-root MuiTextField-root MuiFormControl-fullWidth"
            >
              <label
                class="MuiFormLabel-root MuiInputLabel-root MuiInputLabel-formControl MuiInputLabel-animated MuiInputLabel-shrink MuiInputLabel-outlined MuiFormLabel-filled"
                data-shrink="true"
                for="outlined-basic"
                id="outlined-basic-label"
              >
                Código Postal
              </label>
              <div
                class="MuiInputBase-root MuiOutlinedInput-root MuiInputBase-fullWidth MuiInputBase-formControl"
                style="font-size: 14px;"
              >
                <input
                  aria-invalid="false"
                  class="MuiInputBase-input MuiOutlinedInput-input"
                  id="outlined-basic"
                  name="codepostal"
                  type="text"
                  value="-"
                />
                <fieldset
                  aria-hidden="true"
                  class="PrivateNotchedOutline-root-1 MuiOutlinedInput-notchedOutline"
                >
                  <legend
                    class="PrivateNotchedOutline-legendLabelled-3 PrivateNotchedOutline-legendNotched-4"
                  >
                    <span>
                      Código Postal
                    </span>
                  </legend>
                </fieldset>
              </div>
              
            </div>
          </div>
          <div
            class="mt-7"
          >
            <div
              class="MuiFormControl-root MuiTextField-root MuiFormControl-fullWidth"
            >
              <label
                class="MuiFormLabel-root MuiInputLabel-root MuiInputLabel-formControl MuiInputLabel-animated MuiInputLabel-shrink MuiInputLabel-outlined MuiFormLabel-filled"
                data-shrink="true"
                for="outlined-basic"
                id="outlined-basic-label"
              >
                Colonia
              </label>
              <div
                class="MuiInputBase-root MuiOutlinedInput-root MuiInputBase-fullWidth MuiInputBase-formControl"
                style="font-size: 14px;"
              >
                <input
                  aria-invalid="false"
                  class="MuiInputBase-input MuiOutlinedInput-input"
                  id="outlined-basic"
                  name="colonia"
                  type="text"
                  value="-"
                />
                <fieldset
                  aria-hidden="true"
                  class="PrivateNotchedOutline-root-1 MuiOutlinedInput-notchedOutline"
                >
                  <legend
                    class="PrivateNotchedOutline-legendLabelled-3 PrivateNotchedOutline-legendNotched-4"
                  >
                    <span>
                      Colonia
                    </span>
                  </legend>
                </fieldset>
              </div>
              
            </div>
          </div>
          <div
            class="mt-7"
          >
            <div
              class="MuiFormControl-root MuiTextField-root MuiFormControl-fullWidth"
            >
              <label
                class="MuiFormLabel-root MuiInputLabel-root MuiInputLabel-formControl MuiInputLabel-animated MuiInputLabel-shrink MuiInputLabel-outlined MuiFormLabel-filled"
                data-shrink="true"
                for="outlined-basic"
                id="outlined-basic-label"
              >
                Municipio / Alcaldía
              </label>
              <div
                class="MuiInputBase-root MuiOutlinedInput-root MuiInputBase-fullWidth MuiInputBase-formControl"
                style="font-size: 14px;"
              >
                <input
                  aria-invalid="false"
                  class="MuiInputBase-input MuiOutlinedInput-input"
                  id="outlined-basic"
                  name="municipio"
                  type="text"
                  value="-"
                />
                <fieldset
                  aria-hidden="true"
                  class="PrivateNotchedOutline-root-1 MuiOutlinedInput-notchedOutline"
                >
                  <legend
                    class="PrivateNotchedOutline-legendLabelled-3 PrivateNotchedOutline-legendNotched-4"
                  >
                    <span>
                      Municipio / Alcaldía
                    </span>
                  </legend>
                </fieldset>
              </div>
              
            </div>
          </div>
          <div
            class="mt-7"
          >
            <div
              class="MuiFormControl-root MuiTextField-root MuiFormControl-fullWidth"
            >
              <label
                class="MuiFormLabel-root MuiInputLabel-root MuiInputLabel-formControl MuiInputLabel-animated MuiInputLabel-shrink MuiInputLabel-outlined MuiFormLabel-filled"
                data-shrink="true"
                for="outlined-basic"
                id="outlined-basic-label"
              >
                Estado
              </label>
              <div
                class="MuiInputBase-root MuiOutlinedInput-root MuiInputBase-fullWidth MuiInputBase-formControl"
                style="font-size: 14px;"
              >
                <input
                  aria-invalid="false"
                  class="MuiInputBase-input MuiOutlinedInput-input"
                  id="outlined-basic"
                  name="estado"
                  type="text"
                  value="-"
                />
                <fieldset
                  aria-hidden="true"
                  class="PrivateNotchedOutline-root-1 MuiOutlinedInput-notchedOutline"
                >
                  <legend
                    class="PrivateNotchedOutline-legendLabelled-3 PrivateNotchedOutline-legendNotched-4"
                  >
                    <span>
                      Estado
                    </span>
                  </legend>
                </fieldset>
              </div>
              
            </div>
          </div>
          <div
            class="mt-7"
          >
            <div
              class="MuiFormControl-root MuiTextField-root MuiFormControl-fullWidth"
            >
              <label
                class="MuiFormLabel-root MuiInputLabel-root MuiInputLabel-formControl MuiInputLabel-animated MuiInputLabel-shrink MuiInputLabel-outlined MuiFormLabel-filled"
                data-shrink="true"
                for="outlined-basic"
                id="outlined-basic-label"
              >
                País
              </label>
              <div
                class="MuiInputBase-root MuiOutlinedInput-root MuiInputBase-fullWidth MuiInputBase-formControl"
                style="font-size: 14px;"
              >
                <input
                  aria-invalid="false"
                  class="MuiInputBase-input MuiOutlinedInput-input"
                  id="outlined-basic"
                  name="country"
                  type="text"
                  value="-"
                />
                <fieldset
                  aria-hidden="true"
                  class="PrivateNotchedOutline-root-1 MuiOutlinedInput-notchedOutline"
                >
                  <legend
                    class="PrivateNotchedOutline-legendLabelled-3 PrivateNotchedOutline-legendNotched-4"
                  >
                    <span>
                      País
                    </span>
                  </legend>
                </fieldset>
              </div>
              
            </div>
          </div>
        </div>
        <div />
        <div
          class="flex flex-row-reverse justify-between"
        >
          <div>
            <div
              class="relative h-20 w-32 mr-2"
            >
              <div
                class="absolute bottom-0 right-0 h-16 w-28"
              >
                <button
                  class=" btn button-styles mb-12  text-blanco bg-primarymeta rounded-rbutton text-16 dark:bg-aguascalientes dark:text-negro"
                >
                  Siguiente
                </button>
              </div>
            </div>
          </div>
          <div>
            <div
              class="relative h-20 w-28 ml-1"
            >
              <div
                class="absolute bottom-0 right-0 h-16 w-24 cursor-pointer"
              >
                <button
                  class="mt-2 mb-12 text-primarymeta rounded-rbutton text-20 font-semibold "
                >
                  Atrás
                </button>
              </div>
            </div>
          </div>
        </div>
      </div>
    </div>
  </div>
</body>
`;
