// Jest Snapshot v1, https://goo.gl/fbAQLP

exports[`Render General snapshot 1`] = `
<body>
  <div>
    <div
      class="sm:p-5 p-10"
    >
      <div
        class="card shadow-sm m-auto sm:w-auto md:w-96 xl:w-96 xl2:w-96 xl3:w-96 "
      >
        <div
          class="inline-flex ml-3 mr-2 sm:space-x-0 md:space-x-4 xl:space-x-4 xl2:space-x-4 xl3:space-x-4"
        >
          <div
            class="w-28 text-12 text-bajio80 mt-3 ml-2"
          >
             Paso 2 de 5
          </div>
          <div
            class="w-72"
          >
            <div
              class="progress h-2 mt-4 mr-3"
            >
              <div
                aria-valuemax="100"
                aria-valuemin="0"
                aria-valuenow="25"
                class="progress-bar"
                role="progressbar"
                style="width: 40%;"
              />
            </div>
          </div>
        </div>
        <label
          class="mt-5 ml-4  text-16 text-left  text-primarymeta dark:text-bajio20"
        >
          Información del prospecto
        </label>
        <div
          class="ml-4 mr-5 mt-4 h-auto  border-1 border-warning"
        >
          <div
            class="inline-flex"
          >
            <div
              class="p-3 sm:mt-2 mt-5"
            >
              <img
                class="w-7 h-7"
                src="exclamation-circle.svg"
                style="max-width: none;"
              />
            </div>
            <div
              class="ml-2 mt-3"
            >
              <label
                class="text-16"
                style="color: rgba(0, 0, 0, 0.6);"
              >
                No pudimos obtener la información de la INE/IFE, por favor registra la información manualmente
              </label>
            </div>
          </div>
        </div>
        <div
          class="flex flex-col p-5"
        >
          <div
            class="mt-7"
          >
            <div
              class="MuiFormControl-root MuiTextField-root MuiFormControl-fullWidth"
            >
              <label
                class="MuiFormLabel-root MuiInputLabel-root MuiInputLabel-formControl MuiInputLabel-animated MuiInputLabel-shrink MuiInputLabel-outlined MuiFormLabel-filled"
                data-shrink="true"
                for="outlined-basic-curp"
                id="outlined-basic-curp-label"
              >
                CURP
              </label>
              <div
                class="MuiInputBase-root MuiOutlinedInput-root MuiInputBase-fullWidth MuiInputBase-formControl"
                style="font-size: 14px;"
              >
                <input
                  aria-invalid="false"
                  class="MuiInputBase-input MuiOutlinedInput-input"
                  id="outlined-basic-curp"
                  readonly=""
                  type="text"
                  value="-"
                />
                <fieldset
                  aria-hidden="true"
                  class="PrivateNotchedOutline-root-1 MuiOutlinedInput-notchedOutline"
                >
                  <legend
                    class="PrivateNotchedOutline-legendLabelled-3 PrivateNotchedOutline-legendNotched-4"
                  >
                    <span>
                      CURP
                    </span>
                  </legend>
                </fieldset>
              </div>
            </div>
            <label
              class="text-12 text-bajio60"
            >
              Asegúrate que sean 18 caracteres
            </label>
          </div>
          <div
            class="mt-7"
          >
            <div
              class="MuiFormControl-root MuiTextField-root MuiFormControl-fullWidth"
            >
              <label
                class="MuiFormLabel-root MuiInputLabel-root MuiInputLabel-formControl MuiInputLabel-animated MuiInputLabel-shrink MuiInputLabel-outlined MuiFormLabel-filled"
                data-shrink="true"
                for="outlined-basic-name"
                id="outlined-basic-name-label"
              >
                Nombre
              </label>
              <div
                class="MuiInputBase-root MuiOutlinedInput-root MuiInputBase-fullWidth MuiInputBase-formControl"
                style="font-size: 14px;"
              >
                <input
                  aria-invalid="false"
                  class="MuiInputBase-input MuiOutlinedInput-input"
                  id="outlined-basic-name"
                  name="name"
                  type="text"
                  value="-"
                />
                <fieldset
                  aria-hidden="true"
                  class="PrivateNotchedOutline-root-1 MuiOutlinedInput-notchedOutline"
                >
                  <legend
                    class="PrivateNotchedOutline-legendLabelled-3 PrivateNotchedOutline-legendNotched-4"
                  >
                    <span>
                      Nombre
                    </span>
                  </legend>
                </fieldset>
              </div>
              
            </div>
          </div>
          <div
            class="mt-7"
          >
            <div
              class="MuiFormControl-root MuiTextField-root MuiFormControl-fullWidth"
            >
              <label
                class="MuiFormLabel-root MuiInputLabel-root MuiInputLabel-formControl MuiInputLabel-animated MuiInputLabel-shrink MuiInputLabel-outlined MuiFormLabel-filled"
                data-shrink="true"
                for="outlined-basic-firstname"
                id="outlined-basic-firstname-label"
              >
                Apellido paterno
              </label>
              <div
                class="MuiInputBase-root MuiOutlinedInput-root MuiInputBase-fullWidth MuiInputBase-formControl"
                style="font-size: 14px;"
              >
                <input
                  aria-invalid="false"
                  class="MuiInputBase-input MuiOutlinedInput-input"
                  id="outlined-basic-firstname"
                  name="firstname"
                  type="text"
                  value="-"
                />
                <fieldset
                  aria-hidden="true"
                  class="PrivateNotchedOutline-root-1 MuiOutlinedInput-notchedOutline"
                >
                  <legend
                    class="PrivateNotchedOutline-legendLabelled-3 PrivateNotchedOutline-legendNotched-4"
                  >
                    <span>
                      Apellido paterno
                    </span>
                  </legend>
                </fieldset>
              </div>
              
            </div>
          </div>
          <div
            class="mt-7"
          >
            <div
              class="MuiFormControl-root MuiTextField-root MuiFormControl-fullWidth"
            >
              <label
                class="MuiFormLabel-root MuiInputLabel-root MuiInputLabel-formControl MuiInputLabel-animated MuiInputLabel-shrink MuiInputLabel-outlined MuiFormLabel-filled"
                data-shrink="true"
                for="outlined-basic-secondname"
                id="outlined-basic-secondname-label"
              >
                Apellido materno
              </label>
              <div
                class="MuiInputBase-root MuiOutlinedInput-root MuiInputBase-fullWidth MuiInputBase-formControl"
                style="font-size: 14px;"
              >
                <input
                  aria-invalid="false"
                  class="MuiInputBase-input MuiOutlinedInput-input"
                  id="outlined-basic-secondname"
                  name="secondname"
                  type="text"
                  value="-"
                />
                <fieldset
                  aria-hidden="true"
                  class="PrivateNotchedOutline-root-1 MuiOutlinedInput-notchedOutline"
                >
                  <legend
                    class="PrivateNotchedOutline-legendLabelled-3 PrivateNotchedOutline-legendNotched-4"
                  >
                    <span>
                      Apellido materno
                    </span>
                  </legend>
                </fieldset>
              </div>
              
            </div>
          </div>
          <div
            class="mt-7"
          />
          <div
            class="mt-7"
          >
            <div
              class="MuiFormControl-root MuiTextField-root MuiFormControl-fullWidth"
            >
              <label
                class="MuiFormLabel-root MuiInputLabel-root MuiInputLabel-formControl MuiInputLabel-animated MuiInputLabel-shrink MuiInputLabel-outlined Mui-disabled Mui-disabled MuiFormLabel-filled"
                data-shrink="true"
                for="outlined-basic-rfc"
                id="outlined-basic-rfc-label"
              >
                RFC
              </label>
              <div
                class="MuiInputBase-root MuiOutlinedInput-root Mui-disabled Mui-disabled MuiInputBase-fullWidth MuiInputBase-formControl"
                style="font-size: 14px;"
              >
                <input
                  aria-invalid="false"
                  class="MuiInputBase-input MuiOutlinedInput-input Mui-disabled Mui-disabled"
                  disabled=""
                  id="outlined-basic-rfc"
                  readonly=""
                  type="text"
                  value="-"
                />
                <fieldset
                  aria-hidden="true"
                  class="PrivateNotchedOutline-root-1 MuiOutlinedInput-notchedOutline"
                >
                  <legend
                    class="PrivateNotchedOutline-legendLabelled-3 PrivateNotchedOutline-legendNotched-4"
                  >
                    <span>
                      RFC
                    </span>
                  </legend>
                </fieldset>
              </div>
            </div>
          </div>
          <div
            class="mt-7"
          >
            <div
              class="MuiFormControl-root MuiTextField-root MuiFormControl-fullWidth"
            >
              <label
                class="MuiFormLabel-root MuiInputLabel-root MuiInputLabel-formControl MuiInputLabel-animated MuiInputLabel-shrink MuiInputLabel-outlined MuiFormLabel-filled"
                data-shrink="true"
                for="outlined-basic-sexo"
                id="outlined-basic-sexo-label"
              >
                Género
              </label>
              <div
                class="MuiInputBase-root MuiOutlinedInput-root MuiInputBase-fullWidth MuiInputBase-formControl"
              >
                <div
                  aria-haspopup="listbox"
                  aria-labelledby="outlined-basic-sexo-label outlined-basic-sexo"
                  class="MuiSelect-root MuiSelect-select MuiSelect-selectMenu MuiSelect-outlined MuiInputBase-input MuiOutlinedInput-input"
                  id="outlined-basic-sexo"
                  role="button"
                  tabindex="0"
                >
                  Femenino
                </div>
                <input
                  aria-hidden="true"
                  class="MuiSelect-nativeInput"
                  tabindex="-1"
                  value="M"
                />
                <svg
                  aria-hidden="true"
                  class="MuiSvgIcon-root MuiSelect-icon MuiSelect-iconOutlined"
                  focusable="false"
                  viewBox="0 0 24 24"
                >
                  <path
                    d="M7 10l5 5 5-5z"
                  />
                </svg>
                <fieldset
                  aria-hidden="true"
                  class="PrivateNotchedOutline-root-1 MuiOutlinedInput-notchedOutline"
                >
                  <legend
                    class="PrivateNotchedOutline-legendLabelled-3 PrivateNotchedOutline-legendNotched-4"
                  >
                    <span>
                      Género
                    </span>
                  </legend>
                </fieldset>
              </div>
              
            </div>
          </div>
          <div
            class="mt-7"
          >
            <div
              class="MuiFormControl-root MuiTextField-root MuiFormControl-fullWidth"
            >
              <label
                class="MuiFormLabel-root MuiInputLabel-root MuiInputLabel-formControl MuiInputLabel-animated MuiInputLabel-shrink MuiInputLabel-outlined MuiFormLabel-filled"
                data-shrink="true"
                for="outlined-basic-maritalstatus"
                id="outlined-basic-maritalstatus-label"
              >
                Estado civil
              </label>
              <div
                class="MuiInputBase-root MuiOutlinedInput-root MuiInputBase-fullWidth MuiInputBase-formControl"
              >
                <div
                  aria-haspopup="listbox"
                  aria-labelledby="outlined-basic-maritalstatus-label outlined-basic-maritalstatus"
                  class="MuiSelect-root MuiSelect-select MuiSelect-selectMenu MuiSelect-outlined MuiInputBase-input MuiOutlinedInput-input"
                  id="outlined-basic-maritalstatus"
                  role="button"
                  tabindex="0"
                >
                  Soltera
                </div>
                <input
                  aria-hidden="true"
                  class="MuiSelect-nativeInput"
                  tabindex="-1"
                  value="soltero"
                />
                <svg
                  aria-hidden="true"
                  class="MuiSvgIcon-root MuiSelect-icon MuiSelect-iconOutlined"
                  focusable="false"
                  viewBox="0 0 24 24"
                >
                  <path
                    d="M7 10l5 5 5-5z"
                  />
                </svg>
                <fieldset
                  aria-hidden="true"
                  class="PrivateNotchedOutline-root-1 MuiOutlinedInput-notchedOutline"
                >
                  <legend
                    class="PrivateNotchedOutline-legendLabelled-3 PrivateNotchedOutline-legendNotched-4"
                  >
                    <span>
                      Estado civil
                    </span>
                  </legend>
                </fieldset>
              </div>
              
            </div>
          </div>
          <div
            class="mt-7"
          >
            <div
              class="MuiFormControl-root MuiTextField-root MuiFormControl-fullWidth"
            >
              <label
                class="MuiFormLabel-root MuiInputLabel-root MuiInputLabel-formControl MuiInputLabel-animated MuiInputLabel-shrink MuiInputLabel-outlined MuiFormLabel-filled"
                data-shrink="true"
                for="outlined-basic-municipyBirday"
                id="outlined-basic-municipyBirday-label"
              >
                Municipio de nacimiento
              </label>
              <div
                class="MuiInputBase-root MuiOutlinedInput-root MuiInputBase-fullWidth MuiInputBase-formControl"
                style="font-size: 14px;"
              >
                <input
                  aria-invalid="false"
                  class="MuiInputBase-input MuiOutlinedInput-input"
                  id="outlined-basic-municipyBirday"
                  name="municipyBirday"
                  type="text"
                  value="-"
                />
                <fieldset
                  aria-hidden="true"
                  class="PrivateNotchedOutline-root-1 MuiOutlinedInput-notchedOutline"
                >
                  <legend
                    class="PrivateNotchedOutline-legendLabelled-3 PrivateNotchedOutline-legendNotched-4"
                  >
                    <span>
                      Municipio de nacimiento
                    </span>
                  </legend>
                </fieldset>
              </div>
              
            </div>
          </div>
          <div
            class="mt-7"
          >
            <div
              class="MuiFormControl-root MuiTextField-root MuiFormControl-fullWidth"
            >
              <label
                class="MuiFormLabel-root MuiInputLabel-root MuiInputLabel-formControl MuiInputLabel-animated MuiInputLabel-shrink MuiInputLabel-outlined MuiFormLabel-filled"
                data-shrink="true"
                for="outlined-basic-stateBirday"
                id="outlined-basic-stateBirday-label"
              >
                Estado de nacimiento
              </label>
              <div
                class="MuiInputBase-root MuiOutlinedInput-root MuiInputBase-fullWidth MuiInputBase-formControl"
                style="font-size: 14px;"
              >
                <input
                  aria-invalid="false"
                  class="MuiInputBase-input MuiOutlinedInput-input"
                  id="outlined-basic-stateBirday"
                  name="stateBirday"
                  type="text"
                  value="-"
                />
                <fieldset
                  aria-hidden="true"
                  class="PrivateNotchedOutline-root-1 MuiOutlinedInput-notchedOutline"
                >
                  <legend
                    class="PrivateNotchedOutline-legendLabelled-3 PrivateNotchedOutline-legendNotched-4"
                  >
                    <span>
                      Estado de nacimiento
                    </span>
                  </legend>
                </fieldset>
              </div>
              
            </div>
          </div>
          <div
            class="mt-7"
          >
            <div
              class="MuiFormControl-root MuiTextField-root MuiFormControl-fullWidth"
            >
              <label
                class="MuiFormLabel-root MuiInputLabel-root MuiInputLabel-formControl MuiInputLabel-animated MuiInputLabel-shrink MuiInputLabel-outlined MuiFormLabel-filled"
                data-shrink="true"
                for="outlined-basic-stateBirday"
                id="outlined-basic-stateBirday-label"
              >
                País de nacimiento
              </label>
              <div
                class="MuiInputBase-root MuiOutlinedInput-root MuiInputBase-fullWidth MuiInputBase-formControl"
                style="font-size: 14px;"
              >
                <input
                  aria-invalid="false"
                  class="MuiInputBase-input MuiOutlinedInput-input"
                  id="outlined-basic-stateBirday"
                  name="countryBirday"
                  type="text"
                  value="-"
                />
                <fieldset
                  aria-hidden="true"
                  class="PrivateNotchedOutline-root-1 MuiOutlinedInput-notchedOutline"
                >
                  <legend
                    class="PrivateNotchedOutline-legendLabelled-3 PrivateNotchedOutline-legendNotched-4"
                  >
                    <span>
                      País de nacimiento
                    </span>
                  </legend>
                </fieldset>
              </div>
              
            </div>
          </div>
          <div
            class="mt-7"
          >
            <div
              class="MuiFormControl-root MuiTextField-root MuiFormControl-fullWidth"
            >
              <label
                class="MuiFormLabel-root MuiInputLabel-root MuiInputLabel-formControl MuiInputLabel-animated MuiInputLabel-shrink MuiInputLabel-outlined Mui-disabled Mui-disabled MuiFormLabel-filled"
                data-shrink="true"
                for="outlined-basic-nacionalityBidray"
                id="outlined-basic-nacionalityBidray-label"
              >
                Nacionalidad
              </label>
              <div
                class="MuiInputBase-root MuiOutlinedInput-root Mui-disabled Mui-disabled MuiInputBase-fullWidth MuiInputBase-formControl"
                style="font-size: 14px;"
              >
                <input
                  aria-invalid="false"
                  class="MuiInputBase-input MuiOutlinedInput-input Mui-disabled Mui-disabled"
                  disabled=""
                  id="outlined-basic-nacionalityBidray"
                  name="nacionalityBidray"
                  readonly=""
                  type="text"
                  value="Mexicana"
                />
                <fieldset
                  aria-hidden="true"
                  class="PrivateNotchedOutline-root-1 MuiOutlinedInput-notchedOutline"
                >
                  <legend
                    class="PrivateNotchedOutline-legendLabelled-3 PrivateNotchedOutline-legendNotched-4"
                  >
                    <span>
                      Nacionalidad
                    </span>
                  </legend>
                </fieldset>
              </div>
              
            </div>
          </div>
        </div>
        <div />
        <div
          class="flex flex-row-reverse mt-5"
        >
          <div>
            <div
              class="relative h-20 w-32"
            >
              <div
                class="absolute bottom-0 right-0 h-16 w-28"
              >
                <button
                  class=" btn button-styles mb-12 mr-3 text-blanco bg-bajio20 rounded-rbutton text-16 dark:bg-aguascalientes dark:text-negro"
                >
                  Guardar
                </button>
              </div>
            </div>
          </div>
        </div>
      </div>
    </div>
  </div>
</body>
`;
