// Jest Snapshot v1, https://goo.gl/fbAQLP

exports[`Render Login snapshot 1`] = `
<body>
  <div>
    <div
      class="card w-screen rounded-boxer sm:h-screen shadow-login md:mt-8 xl:mt-8 xl2:mt-8 xl3:mt-8  md:m-auto xl:m-auto xl2:m-auto xl3:m-auto md:w-96 xl:w-96 xl2:w-96 xl3:w-96 "
    >
      <div
        class="mt-10 mb-10 ml-6 mr-2"
      >
        <img
          alt="Metafinaciera Mexico"
          class="w-24"
          src="icon_meta_login.svg"
        />
      </div>
      <h2
        class="ml-3 mb-2 text-bajio80 text-30"
      >
        ¡Bienvenido!
      </h2>
      <h2
        class="ml-4 mb-16 text-bajio80 text-20"
      >
        Inicio sesión en tu cuenta
      </h2>
      <form
        class="flex flex-col mr-4"
      >
        <div
          class="ml-4"
        >
          <div
            class="MuiFormControl-root MuiTextField-root MuiFormControl-fullWidth"
            data-testid="outlined-basic-user"
          >
            <label
              class="MuiFormLabel-root MuiInputLabel-root MuiInputLabel-formControl MuiInputLabel-animated MuiInputLabel-outlined"
              data-shrink="false"
              for="outlined-basic-user"
              id="outlined-basic-user-label"
            >
              Usuario
            </label>
            <div
              class="MuiInputBase-root MuiOutlinedInput-root MuiInputBase-fullWidth MuiInputBase-formControl"
              style="font-size: 14px;"
            >
              <input
                aria-invalid="false"
                autocomplete="on"
                class="MuiInputBase-input MuiOutlinedInput-input"
                id="outlined-basic-user"
                name="usuario"
                type="text"
                value=""
              />
              <fieldset
                aria-hidden="true"
                class="PrivateNotchedOutline-root-1 MuiOutlinedInput-notchedOutline"
              >
                <legend
                  class="PrivateNotchedOutline-legendLabelled-3"
                >
                  <span>
                    Usuario
                  </span>
                </legend>
              </fieldset>
            </div>
          </div>
        </div>
        <div
          class="ml-4 mt-12"
        >
          <div
            class="MuiFormControl-root w-full"
          >
            <label
              class="MuiFormLabel-root MuiInputLabel-root MuiInputLabel-formControl MuiInputLabel-animated MuiInputLabel-outlined"
              data-shrink="false"
              for="outlined-basic-pwd"
            >
              Contraseña
            </label>
            <div
              class="MuiInputBase-root MuiOutlinedInput-root MuiInputBase-fullWidth MuiInputBase-formControl MuiInputBase-adornedEnd MuiOutlinedInput-adornedEnd"
              data-testid="outlined-basic-pwd"
              variant="outlined"
            >
              <input
                aria-invalid="false"
                autocomplete="on"
                class="MuiInputBase-input MuiOutlinedInput-input MuiInputBase-inputAdornedEnd MuiOutlinedInput-inputAdornedEnd"
                id="outlined-basic-pwd"
                name="pwd"
                type="password"
                value=""
              />
              <div
                class="MuiInputAdornment-root MuiInputAdornment-positionEnd"
              >
                <button
                  class="MuiButtonBase-root MuiIconButton-root MuiIconButton-edgeEnd"
                  tabindex="0"
                  type="button"
                >
                  <span
                    class="MuiIconButton-label"
                  >
                    <svg
                      aria-hidden="true"
                      class="MuiSvgIcon-root"
                      focusable="false"
                      viewBox="0 0 24 24"
                    >
                      <path
                        d="M12 4.5C7 4.5 2.73 7.61 1 12c1.73 4.39 6 7.5 11 7.5s9.27-3.11 11-7.5c-1.73-4.39-6-7.5-11-7.5zM12 17c-2.76 0-5-2.24-5-5s2.24-5 5-5 5 2.24 5 5-2.24 5-5 5zm0-8c-1.66 0-3 1.34-3 3s1.34 3 3 3 3-1.34 3-3-1.34-3-3-3z"
                      />
                    </svg>
                  </span>
                  <span
                    class="MuiTouchRipple-root"
                  />
                </button>
              </div>
              <fieldset
                aria-hidden="true"
                class="PrivateNotchedOutline-root-1 MuiOutlinedInput-notchedOutline"
              >
                <legend
                  class="PrivateNotchedOutline-legendLabelled-3"
                >
                  <span>
                    Contraseña
                  </span>
                </legend>
              </fieldset>
            </div>
          </div>
        </div>
        <div
          class="inline-flex ml-4 mt-5 mb-5"
        >
          <div
            class="flex-1 text-14"
          >
            <label
              class="text-bajio80 text-16 font-semibold mt-2"
            >
              Recordar contraseña
            </label>
          </div>
          <div
            class="flex-1"
          >
            <span
              class="MuiSwitch-root WithStyles(ForwardRef(Switch))-root-5 WithStyles(ForwardRef(Switch))-root-6"
            >
              <span
                aria-disabled="false"
                class="MuiButtonBase-root MuiIconButton-root PrivateSwitchBase-root-7 MuiSwitch-switchBase MuiSwitch-colorSecondary"
              >
                <span
                  class="MuiIconButton-label"
                >
                  <input
                    class="PrivateSwitchBase-input-10 MuiSwitch-input"
                    name="recovery"
                    type="checkbox"
                    value=""
                  />
                  <span
                    class="MuiSwitch-thumb"
                  />
                </span>
                <span
                  class="MuiTouchRipple-root"
                />
              </span>
              <span
                class="MuiSwitch-track"
              />
            </span>
          </div>
        </div>
        <input
          class="block ml-4  cursor-pointer  text-center bg-primarymeta text-14 border-transparent rounded w-90 h-14 text-blanco mt-6  dark:bg-aguascalientes dark:text-bajio"
          data-testid="BtnSesion"
          id="BtnSesion"
          type="submit"
          value="INICIAR SESIÓN"
        />
      </form>
      <label
        class="block m-auto mt-10 mb-10  text-14 text-primarymeta text-center font-semibold"
      >
        RECUPERAR CONTRASEÑA
      </label>
    </div>
  </div>
</body>
`;
